Building DAG of jobs...
Using shell: /usr/bin/bash
Provided cores: 1 (use --cores to define parallelism)
Rules claiming more threads will be scaled down.
Singularity containers: ignored
Job stats:
job         count
--------  -------
download        1
total           1

Select jobs to execute...

[Wed Dec  3 11:07:17 2025]
rule download:
    output: input/mass_spec_results.csv, input/sample_metadata.csv
    jobid: 0
    reason: Missing output files: input/mass_spec_results.csv, input/sample_metadata.csv
    resources: tmpdir=/tmp

[Wed Dec  3 11:07:18 2025]
Finished job 0.
1 of 1 steps (100%) done
Complete log: .snakemake/log/2025-12-03T110717.301196.snakemake.log
